// Jest Snapshot v1, https://goo.gl/fbAQLP

exports[`Pokemon Component debe de hacer match con el snapsshot 1`] = `<h1></h1>`;

exports[`Pokemon Component debe de hacer match con el snapsshot cuando cargan los pokemons 1`] = `
<div>
  <h1>Â¿Quien es este pokemon?</h1>
  <!--IMG -->
  <pokemon-picture-vue-stub pokemonid="1" showpokemon="false"></pokemon-picture-vue-stub><!-- Opciones -->
  <pokemon-options-vue-stub pokemons="[object Object],[object Object],[object Object],[object Object]"></pokemon-options-vue-stub>
  <!--v-if-->
</div>
`;
