// Jest Snapshot v1, https://goo.gl/fbAQLP

exports[`PokemonOptions Component debe ded hacer match con el snapshopt 1`] = `
<div class="options-container">
  <ul>
    <li>pikachu</li>
    <li>ivysaur</li>
    <li>venusaur</li>
    <li>charmander</li>
  </ul>
</div>
`;
